C51 COMPILER V8.08   RELAY                                                                 02/08/2017 03:07:05 PAGE 1   


C51 COMPILER V8.08, COMPILATION OF MODULE RELAY
OBJECT MODULE PLACED IN relay.OBJ
COMPILER INVOKED BY: C:\Keil\C51\BIN\C51.EXE relay.c BROWSE DEBUG OBJECTEXTEND

line level    source

   1          //Relay
   2          #include<reg52.h>
   3          #include<stdio.h>
   4          #include <intrins.h>
   5          sbit relay = P1^0;
   6          
   7          void main()
   8          {
   9   1      relay = 1;
  10   1      P1 = relay;
  11   1      }


MODULE INFORMATION:   STATIC OVERLAYABLE
   CODE SIZE        =      9    ----
   CONSTANT SIZE    =   ----    ----
   XDATA SIZE       =   ----    ----
   PDATA SIZE       =   ----    ----
   DATA SIZE        =   ----    ----
   IDATA SIZE       =   ----    ----
   BIT SIZE         =   ----    ----
END OF MODULE INFORMATION.


C51 COMPILATION COMPLETE.  0 WARNING(S),  0 ERROR(S)
