C51 COMPILER V8.08   TEST4                                                                 02/10/2017 01:41:02 PAGE 1   


C51 COMPILER V8.08, COMPILATION OF MODULE TEST4
OBJECT MODULE PLACED IN Test4.OBJ
COMPILER INVOKED BY: C:\Keil\C51\BIN\C51.EXE Test4.c BROWSE DEBUG OBJECTEXTEND

line level    source

   1          // automatic rail gate controlling system 
   2          #include<reg51.h>
   3          sbit servo=P3^5; // servo motor control signal pin
   4          sbit ldr=P1^4;
   5          sbit led=P3^0;
   6          void open_gate(void);
   7          //void close_gate(void);
   8          //void timer(unsigned int msec);
   9          void main()
  10          {
  11   1       open_gate();           
  12   1                      /*while(1)
  13   1                      {
  14   1                      if(ldr == 1)
  15   1                        {
  16   1                         
  17   1                        }
  18   1                      else
  19   1                        {
  20   1      
  21   1                        }
  22   1                      }*/
  23   1      }
  24           void timer(unsigned int msec)     // Function for timer
  25          {
  26   1      unsigned int i;
  27   1      for(i=0;i<msec;i++)
  28   1      {
  29   2      TMOD=0x20;         // Mode2
  30   2      TH1=0xD1;
  31   2      TL1=0xFF;
  32   2      
  33   2      TR1=1;
  34   2      while(TF1==0);
  35   2      TF1=0;
  36   2      TR1=0;
  37   2      }
  38   1      }
  39          
  40          void open_gate(void)
  41          {
  42   1       unsigned int i;
  43   1       servo=0;
  44   1       //anticlockwise direction
  45   1                      
  46   1                      for(i=0;i<1;i++)
  47   1                      {
  48   2                              servo=1;
  49   2                              timer(97);
  50   2                              servo=0;
  51   2                              timer(212);
  52   2                      }       
  53   1      }
  54          /* void close_gate(void)
  55          {
C51 COMPILER V8.08   TEST4                                                                 02/10/2017 01:41:02 PAGE 2   

  56           unsigned int i;
  57           servo=0;
  58           //clockwise direction
  59                          for(i=0;i<1;i++)
  60                          {
  61                                  servo=1;
  62                                  timer(60);
  63                                  servo=0;
  64                                  timer(340);
  65                          }  
  66          } */


MODULE INFORMATION:   STATIC OVERLAYABLE
   CODE SIZE        =     72    ----
   CONSTANT SIZE    =   ----    ----
   XDATA SIZE       =   ----    ----
   PDATA SIZE       =   ----    ----
   DATA SIZE        =   ----    ----
   IDATA SIZE       =   ----    ----
   BIT SIZE         =   ----    ----
END OF MODULE INFORMATION.


C51 COMPILATION COMPLETE.  0 WARNING(S),  0 ERROR(S)
